namespace = "Compile"
expectation = "Fail"
outputs = ["""
Error [ETYC0372003]: Expected type `bool` but type `u32` was found
    --> compiler-test:5:30
     |
   5 |         let x: bool = true ? x: true;
     |                              ^
Error [EAST0372009]: variable `x` shadowed by
    --> compiler-test:5:13
     |
   5 |         let x: bool = true ? x: true;
     |             ^
Error [ETYC0372083]: A program must have at least one transition function.
    --> compiler-test:1:1
     |
   1 | 
   2 | 
   3 | program test.aleo {    
     | ^^^^^^^^^^^^
"""]
