namespace = "Compile"
expectation = "Fail"
outputs = ["""
Error [ETYC0372007]: Expected one type from `field, i8, i16, i32, i64, i128, u8, u16, u32, u64, u128`, but got `scalar`
    --> compiler-test:5:16
     |
   5 |         return a / b; // division not supported for scalar types.
     |                ^^^^^
Error [ETYC0372083]: A program must have at least one transition function.
    --> compiler-test:1:1
     |
   1 | 
   2 | 
   3 | program test.aleo {    
     | ^^^^^^^^^^^^
"""]
